<html>
<body>
<pre>
<h1>礦ision Build Log</h1>
<h2>Tool Versions:</h2>
IDE-Version: μVision V5.14.0.0
Copyright (C) 2015 ARM Ltd and ARM Germany GmbH. All rights reserved.
License Information: ASD Admin, ASD, LIC=X1ETG-V1QCB-ILBCB-2IYRF-RM73W-GN920
 
Tool Versions:
Toolchain:       MDK-ARM Professional  Version: 5.14.0.0
Toolchain Path:  C:\Keil_v5\ARM\ARMCC\Bin
C Compiler:      Armcc.exe V5.05 update 1 (build 106)
Assembler:       Armasm.exe V5.05 update 1 (build 106)
Linker/Locator:  ArmLink.exe V5.05 update 1 (build 106)
Library Manager: ArmAr.exe V5.05 update 1 (build 106)
Hex Converter:   FromElf.exe V5.05 update 1 (build 106)
CPU DLL:         SARMCM3.DLL V5.14.0.0
Dialog DLL:      DARMSTM.DLL V1.65.0.0
Target DLL:      STLink\ST-LINKIII-KEIL_SWO.dll V2.0.14.0_KEIL
Dialog DLL:      TARMSTM.DLL V1.64.0.0
 
<h2>Project:</h2>
D:\STM32开发\战舰V3 资料盘(A盘)\4，程序源码\2，标准例程-库函数版本\实验13 TFTLCD显示实验\USER\LCD.uvprojx
Project File Date:  10/27/2018

<h2>Output:</h2>
Build target 'LCD'
compiling main.c...
main.c(50): warning:  #167-D: argument of type "char *" is incompatible with parameter of type "u8 *"
                LCD_ShowString(30,10,210,24,16,txt); 
main.c(51): warning:  #167-D: argument of type "char *" is incompatible with parameter of type "u8 *"
                LCD_ShowString(30,40,210,24,16,TXT); 
main.c(52): warning:  #167-D: argument of type "char *" is incompatible with parameter of type "u8 *"
                LCD_ShowString(30,70,200,24,16,dest);           
main.c(53): warning:  #167-D: argument of type "char *" is incompatible with parameter of type "u8 *"
                LCD_ShowString(30,90,200,24,16,pch+1);
main.c(32): warning:  #177-D: variable "TXT1" was declared but never referenced
          char TXT1[20];
main.c: 5 warnings, 0 errors
linking...
Program Size: Code=27920 RO-data=6480 RW-data=68 ZI-data=1948  
FromELF: creating hex file...
"..\OBJ\LCD.axf" - 0 Error(s), 5 Warning(s).

<h2>Collection of Component include folders:</h2>
  D:\STM32开发\战舰V3 资料盘(A盘)\4，程序源码\2，标准例程-库函数版本\实验13 TFTLCD显示实验\USER\RTE
  C:\Keil_v5\ARM\PACK\Keil\STM32F1xx_DFP\1.0.5\Device\Include

<h2>Collection of Component Files used:</h2>
</pre>
</body>
</html>
